Seq-entry ::= set {
  class genbank,
  seq-set {
    seq {
      id {
        local str "Seq1",
        general {
          db "BankIt",
          tag str "1657039/Seq1"
        },
        general {
          db "TMSMART",
          tag id 39787263
        },
        genbank {
          accession "KF591393"
        }
      },
      descr {
        molinfo {
          biomol genomic,
          completeness partial
        },
        source {
          genome genomic,
          org {
            taxname "Gammarus pulex",
            db {
              {
                db "taxon",
                tag id 52641
              }
            },
            orgname {
              gcode 1,
              mgcode 5,
              div "INV"
            }
          }
        },
        pub {
          pub {
            gen {
              cit "Unpublished",
              authors {
                names std {
                  {
                    name name {
                      last "Wolf",
                      first "Sandro",
                      initials "S."
                    }
                  }
                }
              },
              title "Isolation of the lytic archeophage Drs3 infecting
 Methanobacterium formicicum"
            }
          }
        },
        pub {
          pub {
            sub {
              authors {
                names std {
                  {
                    name name {
                      last "Wolf",
                      first "Sandro",
                      initials "S."
                    }
                  }
                },
                affil std {
                  affil "Technische Universitat Dresden",
                  div "Biology / Institute of Microbiology",
                  city "Dresden",
                  sub "Saxony",
                  country "Germany",
                  street "Zellescher Weg 20b",
                  postal-code "01217"
                }
              },
              medium email,
              date std {
                year 2013,
                month 8,
                day 28
              }
            }
          }
        },
        pub {
          pub {
            sub {
              authors {
                names std {
                  {
                    name consortium "NCBI RefSeq Targeted Loci Project"
                  }
                }
              },
              date std {
                year 2015,
                month 8,
                day 5
              }
            }
          }
        }
      },
      inst {
        repr raw,
        mol dna,
        length 43,
        strand ds,
        seq-data iupacna "AAAAAACCGAACTTGAGGCCATTGATATAGTTGAGACCTACTA"
      }
    }
  }
}
