Seq-entry ::= set {
  class genbank,
  seq-set {
    set {
      class nuc-prot,
      descr {
        source {
          genome genomic,
          org {
            taxname "Methanobacterium formicicum phage",
            orgname {
              gcode 1
            }
          }
        },
        user {
          type str "StructuredComment",
          data {
            {
              label str "StructuredCommentPrefix",
              data str "##Assembly-Data-START##"
            },
            {
              label str "NewFieldName; Assembly Method",
              data str "some app v. 2.3"
            },
            {
              label str "NewFieldName; Sequencing Technology",
              data str "Sanger dideoxy sequencing"
            },
            {
              label str "StructuredCommentSuffix",
              data str "##Assembly-Data-END##"
            }
          }
        },
        user {
          type str "Submission",
          data {
            {
              label str "SmartComment",
              data str "TOTAL # OF SEQS:2"
            },
            {
              label str "AdditionalComment",
              data str "BankIt1657039"
            }
          }
        },
        update-date std {
          year 2013,
          month 8,
          day 27,
          hour 10,
          minute 59,
          second 58
        }
      },
      seq-set {
        seq {
          id {
            local str "Seq1",
            general {
              db "BankIt",
              tag str "1657039/Seq1"
            },
            general {
              db "TMSMART",
              tag id 39787263
            },
            genbank {
              accession "KF591393"
            }
          },
          descr {
            molinfo {
              biomol genomic,
              completeness partial
            },
            user {
              type str "OriginalID",
              data {
                {
                  label str "LocalId",
                  data str "Seq1"
                },
                {
                  label str "General",
                  data str "gnl|BankIt|1657039/Seq1"
                },
                {
                  label str "General",
                  data str "gnl|TMSMART|39787263"
                },
                {
                  label str "GenBank",
                  data str "gb|KF591393|"
                }
              }
            }
          },
          inst {
            repr raw,
            mol dna,
            length 374,
            strand ds,
            seq-data iupacna "AAAAAACCGAACACGCACCCCTCCATTTTTCTTTCCTTTTTTTGAATT
TATTATAAAAATATGCAGTGATTTACCATGAATAGCCACGGCATTCTAGGATTAGCCCGCTGGAGTGTACTGATCAAT
GAAGGGGCATGGAAACCCCGGAACTTACCCGACTAGAAAAACGAAAAAACGGGTTACCTCCTATAATGATAGTAATAG
CTCAAAGACTTCACATTAATGACCTACACGGCATAATCAAAGAAACAGAACCCGTAATCCCTGCCTCTGAAGCCCTAA
AAACCCTAAGACAAGGGGACACCATAGACCCCAACACATGGGTGGACTTAAACCTCCCCGCTATCTGTGAAAACCCCG
AAACTGACCTACTA"
          },
          annot {
            {
              data ftable {
                {
                  data gene {
                    locus "Putative terminase large subunit gene",
                    desc "terminase large subunit gene"
                  },
                  partial TRUE,
                  location int {
                    from 75,
                    to 373,
                    strand plus,
                    id local str "Seq1",
                    fuzz-to lim gt
                  }
                }
              }
            }
          }
        },
        seq {
          id {
            local str "Seq1_prot_1",
            general {
              db "TMSMART",
              tag id 39787264
            }
          },
          descr {
            title "Putative terminase large subunit, partial [Methanobacterium
 formicicum phage]",
            molinfo {
              biomol peptide,
              completeness no-right
            },
            user {
              type str "OriginalID",
              data {
                {
                  label str "LocalId",
                  data str "Seq1_prot_1"
                },
                {
                  label str "General",
                  data str "gnl|TMSMART|39787264"
                }
              }
            }
          },
          inst {
            repr raw,
            mol aa,
            length 99,
            seq-data ncbieaa "MNSHGILGLARWSVLINEGAWKPRNLPD*KNEKTGYLL*****LKDFT
LMTYTA*SKKQNP*SLPLKP*KP*DKGTP*TPTHGWT*TSPLSVKTPKLTY"
          },
          annot {
            {
              data ftable {
                {
                  data prot {
                    name {
                      "Putative terminase large subunit"
                    },
                    desc "terminase large subunit"
                  },
                  partial TRUE,
                  location int {
                    from 0,
                    to 98,
                    id local str "Seq1_prot_1",
                    fuzz-to lim gt
                  }
                }
              }
            }
          }
        }
      },
      annot {
        {
          data ftable {
            {
              data cdregion {
                frame one,
                code {
                  id 1
                }
              },
              partial TRUE,
              comment "[intronless gene]",
              product whole local str "Seq1_prot_1",
              location int {
                from 75,
                to 373,
                strand plus,
                id genbank {
                  accession "KF591393"
                },
                fuzz-to lim gt
              }
            }
          }
        }
      }
    }
  }
}
