4519,5205,LOC103446548
6579,19044,LOC103406057
35100,47634,LOC103438296
47818,48805,LOC103399997
88077,90687,LOC103409995
93565,95778,LOC103420314
152013,153014,LOC103437678
185528,187555,LOC114826669
382939,390071,LOC103431662
430552,449584,LOC114826670
725873,729805,LOC103441786
732203,736463,LOC103441766
842096,843216,LOC103455080
922349,926929,LOC103441767
951655,955915,LOC103410973
1114090,1117835,LOC103428900
1126012,1134962,LOC103428899
1145683,1150458,LOC108172673
1150723,1152048,LOC114826524
1155375,1156591,LOC108170031
1158390,1159646,LOC103406544
1172045,1174656,LOC103417865
1186274,1187308,LOC114826672
1201543,1202468,LOC114826673
1250229,1256571,LOC103406063
1262566,1264271,LOC114826678
1269036,1271393,LOC103423413
1311877,1315404,LOC103407790
1335028,1338493,LOC114826694
1403086,1408694,LOC103407840
1421926,1422633,LOC103424771
1422877,1425782,LOC103424760
1427647,1441711,LOC103424746
1585093,1586705,LOC103411539
1653997,1662210,LOC114824042
1684660,1685826,LOC114824051
1694856,1699757,LOC103418293
1763090,1788460,LOC103453456
1834077,1838605,LOC103441532
1843966,1844459,LOC114826526
1898399,1898851,LOC103408285
2014980,2022910,LOC103448569
2335498,2335920,LOC108169628
2376621,2378852,LOC114826527
2392085,2394836,LOC103453508
2482836,2486596,LOC103435259
2491925,2493041,LOC114826717
2586025,2602385,LOC103417546
2608975,2610369,LOC103435010
2773886,2774872,LOC114826718
