Seq-entry ::= set {
  class genbank,
  seq-set {
    set {
      class nuc-prot,
      descr {
        source {
          genome genomic,
          org {
            taxname "Methanobacterium formicicum phage",
            orgname {
              gcode 1
            }
          }
        }
      },
      seq-set {
        seq {
          id {
            local str "Seq2",
            genbank {
              accession "KF591394"
            }
          },
          descr {
            molinfo {
              biomol genomic,
              completeness partial
            }
          },
          inst {
            repr raw,
            mol dna,
            length 207,
            strand ds,
            seq-data iupacna "GATGCGTTCAAAAGGGGATGAAGCAAAAGAGATAGAGAAATTTCCTGA
AGACGGATGAGGGGAGCATGGCAGCGTTCTGCTACATTGCAACTTTCATTACATTGTTAGCGGACCTGATCAGTGGAA
ATATCACGTTCACTGAGTTCATGAGTGAGATGTGGGTGGCTTTTCAGCAACTAATCGGTGAAGTCATATGGGTCATTA
ACA"
          },
          annot {
            {
              data ftable {
                {
                  data gene {
                    locus "Hypothetical protein gene",
                    desc "Hypothetical protein gene"
                  },
                  partial TRUE,
                  location int {
                    from 0,
                    to 206,
                    strand plus,
                    id local str "Seq2",
                    fuzz-from lim lt,
                    fuzz-to lim gt
                  }
                },
                {
                  data gene {
                    locus "putative tape measure protein gene",
                    desc "tape measure protein gene"
                  },
                  partial TRUE,
                  location int {
                    from 0,
                    to 206,
                    strand plus,
                    id local str "Seq2",
                    fuzz-from lim lt,
                    fuzz-to lim gt
                  }
                }
              }
            }
          }
        },
        seq {
          id {
            local str "Seq2_prot_2",
            general {
              db "TMSMART",
              tag id 39787266
            }
          },
          descr {
            molinfo {
              biomol peptide,
              completeness no-ends
            }
          },
          inst {
            repr raw,
            mol aa,
            length 67,
            seq-data ncbieaa "MRSKGDEAKEIEKFPEDG*GEHGSVLLHCNFHYIVSGPDQWKYHVH*V
HE*DVGGFSATNR*SHMGH"
          },
          annot {
            {
              data ftable {
                {
                  data prot {
                    name {
                      "Hypothetical protein"
                    }
                  },
                  partial TRUE,
                  location int {
                    from 0,
                    to 66,
                    id local str "Seq2_prot_2",
                    fuzz-from lim lt,
                    fuzz-to lim gt
                  }
                }
              }
            }
          }
        },
        seq {
          id {
            local str "Seq2_prot_3",
            general {
              db "TMSMART",
              tag id 39787267
            }
          },
          descr {
            molinfo {
              biomol peptide,
              completeness no-ends
            }
          },
          inst {
            repr raw,
            mol aa,
            length 68,
            seq-data ncbieaa "CVQKGMKQKR*RNFLKTDEGSMAAFCYIATFITLLADLISGNITFTEF
MSEMWVAFQQLIGEVIWVIN"
          },
          annot {
            {
              data ftable {
                {
                  data prot {
                    name {
                      "putative tape measure protein"
                    },
                    desc "tape measure protein"
                  },
                  partial TRUE,
                  location int {
                    from 0,
                    to 67,
                    id local str "Seq2_prot_3",
                    fuzz-from lim lt,
                    fuzz-to lim gt
                  }
                }
              }
            }
          }
        }
      },
      annot {
        {
          data ftable {
            {
              data cdregion {
                frame two,
                code {
                  id 1
                }
              },
              partial TRUE,
              product whole local str "Seq2_prot_2",
              location int {
                from 0,
                to 206,
                strand plus,
                id local str "Seq2",
                fuzz-from lim lt,
                fuzz-to lim gt
              }
            },
            {
              data cdregion {
                frame three,
                code {
                  id 1
                }
              },
              partial TRUE,
              comment "[intronless gene]",
              product whole local str "Seq2_prot_3",
              location int {
                from 0,
                to 206,
                strand plus,
                id local str "Seq2",
                fuzz-from lim lt,
                fuzz-to lim gt
              }
            }
          }
        }
      }
    }
  }
}
