90000005	rs993039237	G	A	
90000008	rs1364939305	A	G	
90000012	rs1435947913	G	A	
90000016	rs917534916	A	G	
90000023	rs967506434	C	T	
90000024	rs772888398	G	A	
90000030	rs1327499974	G	A	
90000032	rs926127411	G	A	
90000034	rs570347885	A	C	
90000035	rs1394971859	A	T	
90000036	rs551917801	C	T	
90000037	rs1175137176	ATA	A	
90000037	rs1434932076	A	G	
90000038	rs552774739	T	C,G	
90000040	rs1557514997	G	C	
90000041	rs559276659	AGAAG	AG	
90000046	rs1165906603	G	A	
90000049	rs910885318	G	A	
90000055	rs765935426	T	A	
90000062	rs1380603594	G	C	
90000070	rs1040968150	G	C	
90000081	rs1186700910	A	C,T	
90000082	rs902721076	A	G	
90000089	rs1211939259	A	T	
90000094	rs994101252	C	T	
90000096	rs1557515026	GGGG	GGG	
90000101	rs1325765371	A	G	
90000128	rs1271377571	G	A	
90000137	rs1216670491	TAAGAT	T	
90000149	rs1340440450	AG	A	
90000149	rs1046867854	G	A	
90000154	rs935474670	C	A	
90000155	rs570938381	A	G	
90000172	rs1234984749	AGAAGAAGA	AGAAGA	
90000174	rs888287392	A	G	
90000180	rs147143040	A	C	
90000182	rs1353041275	T	G	
90000185	rs1034887886	C	T	
90000186	rs759476612	G	A,C	
90000188	rs1326386043	G	A	
90000189	rs1411480695	C	T	
90000193	rs1419879843	A	G	
90000195	rs140393787	G	A	
90000200	rs548299775	A	G	
90000201	rs1184245435	A	G	
90000202	rs1024493624	A	G	
90000203	rs1474176876	C	T	
90000205	rs1420196710	G	A	
90000211	rs1188710030	A	C	
90000221	rs928416099	A	C	
90000224	rs757872929	C	G	
90000225	rs568402764	C	T	
90000240	rs955857677	T	C	
90000242	rs1206845616	G	T	
90000245	rs1438761578	A	G	
90000250	rs1289544688	TGTATT	TGTATTGTATT	
90000252	rs988675290	T	C	
90000253	rs914459404	A	T	
90000256	rs926103081	T	C	
90000261	rs947346464	G	A	
90000264	rs1233387720	A	G	
90000275	rs535441782	G	A	
90000284	rs1277412485	A	G	
90000297	rs187595698	G	A	
90000302	rs376847402	A	G	
90000304	rs1324969296	A	AA	
90000307	rs921287493	G	C	
90000312	rs75858217	T	C	
90000319	rs765419452	A	G	
90000320	rs1472325182	C	A	
90000322	rs891250533	A	G	
90000323	rs910990562	T	C	
90000331	rs1179188617	A	C	
90000336	rs942322626	A	G	
90000338	rs1004325354	A	G	
90000344	rs1347172905	T	G	
90000355	rs1470065795	C	G	
90000365	rs1040707498	C	T	
90000366	rs1451964582	T	G	
90000369	rs1274382849	CTT	C	
90000376	rs922277969	A	G	
90000379	rs1037226036	A	G	
90000384	rs35231772	TTTT	TTTTT	
90000390	rs1281508903	A	G	
90000401	rs1225182061	A	T	
90000403	rs898718923	A	G	
90000407	rs1302473106	A	G	
90000409	rs1438472071	GGGG	GGG	
90000409	rs1372861303	G	A	
90000416	rs995784878	G	A	
90000419	rs750619911	A	G	
90000434	rs929847478	C	G	
90000435	rs758431825	A	C	
90000437	rs1023017851	G	A	
90000438	rs1343574459	CC	CCC	
90000438	rs1047427179	C	G	
90000439	rs888285192	C	T	
90000441	rs1401549351	A	G	
90000451	rs1002577475	T	C	
90000460	rs1557515212	A	G	
90000470	rs558428579	A	G	
90000473	rs1005832593	A	G	
90000474	rs1055872613	G	C	
90000476	rs780051365	A	G	
90000497	rs955804901	G	A	
90000505	rs1188549027	C	G	
90000511	rs576872545	C	A,G	
90000511	rs781757146	C	CC	
90000513	rs1239902910	A	G	
90000514	rs989033822	C	T	
90000519	rs1014311742	T	C	
90000521	rs1316937769	A	T	
90000526	rs914431233	C	T	
90000528	rs747520273	G	A	
90000536	rs777947678	AAAAAAA	AAAAA	
90000536	rs540813094	A	C	
90000542	rs559387504	A	T	
90000543	rs1303864118	TTTTTT	TTTTTTT	
90000543	rs903194314	T	A	
90000544	rs1290504529	T	C,G	
90000545	rs1374852317	T	G	
90000548	rs999113646	T	A,C	
90000555	rs1213262433	ATTA	A	
90000559	rs1396134385	G	C	
90000563	rs142139717	G	C	
90000565	rs1468494872	C	T	
90000566	rs755536151	G	A	
90000569	rs940126555	G	A	
90000571	rs1251678631	G	A	
90000579	rs568123685	C	G,T	
90000582	rs114206512	A	G	
90000615	rs1486447799	G	T	
90000616	rs963758756	G	C	
90000623	rs1280835483	T	C	
90000628	rs976507737	C	A	
90000630	rs1226444763	A	G	
90000637	rs563993089	G	A	
90000641	rs531195074	G	A	
90000643	rs1158589692	T	G	
90000644	rs537248404	G	A,T	
90000645	rs1215027964	C	T	
90000646	rs929672239	A	G	
90000654	rs1354962966	A	G	
90000662	rs906145982	G	A	
90000667	rs982712893	T	C	
90000668	rs139166831	G	A	
90000677	rs909820019	C	G	
90000702	rs941184886	C	T	
90000703	rs191638361	G	A,T	
90000704	rs879603659	C	T	
90000711	rs1375075899	G	C	
90000716	rs1021844310	G	T	
90000735	rs1475161365	G	A,C	
90000737	rs968585099	G	A	
90000747	rs1557515363	G	A	
90000748	rs546814242	A	G	
90000750	rs1475872033	A	G	
90000765	rs1256455923	A	C	
90000788	rs975022317	A	G	
90000791	rs149935995	C	G	
90000798	rs1045831662	A	G	
90000804	rs1205213683	C	T	
90000814	rs756538527	A	G	
90000821	rs1334030840	A	G	
90000823	rs1291567338	A	G	
90000827	rs1235240416	G	A	
90000840	rs1356126631	A	G	
90000859	rs1298501329	GTGCAGGT	GT	
90000865	rs1375203079	G	A	
90000885	rs1221873119	C	T	
90000903	rs1399158722	G	A	
90000909	rs901898251	A	G	
90000915	rs1461418169	G	A	
90000918	rs1335151115	A	G	
90000920	rs999289512	A	G	
90000924	rs565759573	C	T	
90000934	rs1475903083	A	G	
90000936	rs1368478404	A	G	
90000940	rs986739175	A	C	
90000944	rs780208159	A	C,G	
90000945	rs748909974	G	A	
90000958	rs139868812	GTAGTAGT	GTAGT	
90000969	rs1017755072	G	A	
90000975	rs1178998078	A	G	
90000977	rs1467828266	G	C	
90000978	rs1271231105	G	A	
90000981	rs1215416477	G	A	
90000983	rs1270782925	A	G,T	
90000992	rs1468407478	A	C	
90000994	rs1337726453	AATGAA	AA	
90000994	rs556904954	A	G	
90001000	rs972844000	G	A	
90001003	rs920041527	AAGA	A	
90001004	rs539704392	A	G	
90001013	rs866776539	G	A	
90001022	rs1462411724	C	T	
90001024	rs1176988657	T	C	
90001030	rs1157449282	G	A	
90001037	rs1258477825	T	A	
90001039	rs4491049	C	T	
90001040	rs976497629	T	C	
90001052	rs569625657	C	T	
90001078	rs1044989415	G	A	
90001085	rs112038615	G	A	
90001087	rs1453581316	T	A	
90001091	rs1162851328	C	A	
90001093	rs951067453	G	A	
90001096	rs982880234	C	T	
90001097	rs938935253	A	G	
90001100	rs1056791656	G	C	
90001113	rs1452108375	C	T	
90001120	rs909567568	C	T	
90001122	rs759108012	T	A	
90001124	rs1410632872	G	A	
90001130	rs1010362304	A	G	
90001132	rs1557515519	A	T	
90001133	rs1352873086	A	G	
90001136	rs79273161	T	C,G	
90001142	rs1346234197	A	G	
90001146	rs1439746728	C	T	
90001152	rs577001717	C	A	
90001160	rs996005766	C	G	
90001163	rs1316794546	TAGT	T	
90001163	rs1326334343	CT	C	
90001168	rs1307246164	G	T	
90001171	rs1557515541	ACAAC	ACAACAAC	
90001181	rs949919492	A	G	
90001196	rs1386407765	C	T	
90001199	rs534162723	A	G	
90001206	rs1291093885	C	A	
90001207	rs954598903	CA	C	
90001207	rs903298972	A	C	
90001208	rs1393114989	G	C	
90001209	rs565727346	G	C	
90001211	rs1478345430	G	C	
90001218	rs1275640223	A	G	
90001223	rs772846466	CCCC	CCCCC	
90001223	rs1306333059	C	G	
90001226	rs1190848650	C	G	
90001231	rs1448825098	T	G	
90001237	rs1054832093	C	T	
90001242	rs1210516630	G	A	
90001245	rs1484794628	A	T	
90001249	rs893142603	G	A	
90001257	rs1008188193	A	G	
90001259	rs1220198875	G	A	
90001260	rs1039345072	T	C	
90001263	rs1019533199	T	C	
90001277	rs779074593	TTTT	TTT	
90001277	rs1230197697	T	C	
90001294	rs902005857	G	A	
90001295	rs1298238696	G	T	
90001301	rs997714909	A	G	
90001310	rs767615608	T	C	
90001324	rs951181258	C	T	
90001325	rs1281553805	A	G	
90001327	rs775470164	G	C	
90001328	rs1003979331	A	G	
90001338	rs1413857581	A	G	
90001345	rs112486670	G	C	
90001347	rs1314262859	C	A	
90001356	rs1186025513	T	C	
90001357	rs1257104451	G	T	
90001360	rs973176955	G	A	
90001361	rs1475745153	C	T	
90001363	rs142769848	G	GGGGGG	
90001364	rs574556548	T	G	
90001374	rs1166141145	AAAAAA	AAAAAAA	
90001386	rs1191496578	A	G	
90001389	rs1188429354	GA	G	
90001392	rs541860329	A	G	
90001393	rs991356780	A	G	
90001398	rs1187296942	G	T	
90001410	rs915857004	C	A,T	
90001413	rs1211037619	G	T	
90001417	rs931414273	G	C	
90001423	rs980244993	TTTT	TT,TTT	
90001427	rs927460951	G	C	
90001428	rs971184127	C	T	
90001434	rs1278339559	C	G	
90001444	rs1232161782	A	ATCTT	
90001445	rs1352940793	G	T	
90001446	rs76725516	A	C,T	
90001447	rs1334995031	T	TTGTTATTGGTATCTTGTAGTAGGGTGCTG	
90001448	rs78753864	G	A	
90001454	rs1375799551	A	G	
90001455	rs1436383720	T	C	
90001466	rs1557515726	G	A	
90001467	rs1411650140	G	A	
90001472	rs1557515731	G	A	
90001476	rs981216246	G	A	
90001478	rs563233730	G	A	
90001479	rs934705588	T	C	
90001487	rs1459970541	C	T	
90001490	rs530517973	A	G	
90001493	rs913514382	A	G	
90001501	rs116108347	C	T	
90001502	rs1469788552	A	T	
90001509	rs1231591405	A	G	
90001512	rs1184408180	T	G	
90001516	rs1458447555	G	A	
90001522	rs1271484501	TAGTTAGTTA	TAGTTA	
90001531	rs1212314908	A	G	
90001537	rs1332099942	G	T	
90001543	rs914557207	G	A	
90001544	rs943386644	G	T	
90001553	rs1039291684	T	A,C,G	
90001554	rs879277848	A	AT,ATT	
90001555	rs71666237	A	T	
90001556	rs34759229	TTTTTTTTTTTTTTT	TTTTTTTTTTTTTT,TTTTTTTTTTTTTTTT,TTTTTTTTTTTTTTTTT,TTTTTTTTTTTTTTTTTTTTTTTTTT	
90001557	rs1228362448	T	TA	
90001559	rs1351726727	T	TA	
90001559	rs1557515803	T	C	
90001560	rs1281704255	T	TA	
90001560	rs1553135173	T	TCT	
90001562	rs1350439746	T	TG	
90001562	rs1400402261	T	A	
90001563	rs1209183959	T	TA	
90001571	rs199611281	G	T	
90001572	rs1447858640	A	ATTT	
90001572	rs200495560	A	G	
90001573	rs1440727223	G	A	
90001575	rs1029024638	T	G	
90001576	rs1218014558	TGGAG	T	
90001578	rs887766107	A	G	
90001588	rs1252742367	T	G	
90001592	rs902121803	C	T	
90001593	rs1448974116	G	A	
90001594	rs1187803279	C	T	
90001598	rs1248012524	G	C	
90001602	rs1395631603	A	G	
90001603	rs564785813	G	C	
90001607	rs1221681842	G	A	
90001614	rs1455363880	T	C	
90001622	rs1171593657	C	T	
90001623	rs1401031903	A	G	
90001630	rs904248723	T	G	
90001635	rs184224416	C	G	
90001639	rs760421999	C	T	
90001640	rs1047898007	G	A	
90001643	rs1302375604	T	A	
90001644	rs34493571	C	T	
90001646	rs763902298	T	C	
90001655	rs886617718	G	A	
90001656	rs1004365998	C	T	
90001666	rs1369623261	G	C	
90001669	rs1293978638	T	C	
90001673	rs1016718710	C	T	
90001677	rs1343464831	C	T	
90001678	rs1300302563	T	A	
90001690	rs1373915990	A	T	
90001701	rs1420510164	CCACCACCA	CCACCA	
90001707	rs1232534435	CC	C	
90001707	rs1274685685	C	T	
90001709	rs1172152314	A	T	
90001710	rs1435221231	T	A	
90001719	rs1426492163	A	T	
90001721	rs1050182215	TTTTTTTT	TTTTTTT,TTTTTTTTT	
90001721	rs1351636039	T	A	
90001727	rs373306387	T	G	
90001729	rs1282451848	G	T	
90001741	rs962677454	A	G	
90001742	rs547146061	G	C	
90001746	rs1279412684	C	T	
90001756	rs750625042	C	T	
90001758	rs1313662085	CAT	C	
90001758	rs1253540324	A	G	
90001766	rs994166112	C	T	
90001773	rs1557515940	G	C	
90001782	rs1360009996	T	C	
90001786	rs1280170938	G	A	
90001790	rs1022603080	T	G	
90001795	rs952799614	T	A	
90001797	rs980191232	A	T	
90001800	rs927407266	C	A	
90001801	rs561864980	A	G	
90001802	rs1360062661	ACCCGCCTTGGCC	A	
90001804	rs971257730	C	T	
90001805	rs529309519	G	A	
90001813	rs1376896621	C	T	
90001822	rs993030454	G	T	
90001823	rs913471960	A	G	
90001829	rs1477828406	A	G	
90001842	rs1256371671	G	A	
90001852	rs369570505	C	T	
90001863	rs1484122821	G	C	
90001867	rs550567060	G	T	
90001868	rs931692625	TTTTTTTT	TTTTTTT,TTTTTTTTT	
90001869	rs758549601	T	A	
90001872	rs1405360898	T	G	
90001875	rs890236610	T	C	
90001876	rs573646765	CCCCC	CCCC,CCCCCC	
90001877	rs1397983146	C	T	
90001878	rs897720362	C	T	
90001881	rs1297960701	A	G	
90001883	rs1460967027	T	A	
90001884	rs748184610	A	G	
90001888	rs943334513	C	T	
90001889	rs1171923390	ACAGCTG	ACAGCTGACAGCTG	
90001893	rs1465717328	C	G,T	
90001903	rs995178665	G	A	
90001904	rs1039030298	T	G	
90001914	rs923280030	A	T	
90001924	rs1026954553	T	G	
90001927	rs1256674822	A	G	
90001928	rs952827533	G	A	
90001936	rs933525821	G	A	
90001937	rs1048013974	A	G	
90001939	rs1397300890	C	T	
90001940	rs568955447	G	A,C	
90001946	rs1557516081	TTT	TTTTT	
90001946	rs1334326019	T	G	
90001949	rs372473478	G	A	
90001955	rs188956735	T	C	
90001956	rs1557516097	A	AA	
90001960	rs755019358	T	A	
90001961	rs1241647919	G	A	
90001965	rs1322540256	C	G	
90001990	rs1012631156	A	C	
90001995	rs141121114	T	C	
