Seq-entry ::= set {
  class genbank,
  seq-set {
    seq {
      id {
        local str "Seq2"
      },
      descr {
        molinfo {
          biomol genomic,
          completeness partial
        },
        user {
          type str "OriginalID",
          data {
            {
              label str "LocalId",
              data str "Seq2"
            }
          }
        },
        source {
          genome genomic,
          org {
            taxname "Methanobacterium formicicum phage",
            orgname {
              gcode 1
            }
          }
        }
      },
      inst {
        repr raw,
        mol dna,
        length 717,
        strand ds,
        seq-data iupacna "CCGGGGGGTATTGACATGCTTATTGAGCCTGTTGATGCGTTCAGTGGAATTC
CCCTAAGTGGGGATTAAGTAGTTATAAATTAAAGTTTAGGGTTAAATAATAAAAAAAAGATGGGAGAATGATATATAT
GGTATTGAGAAAAGATGACATATTAAAGGGGATTAATGACCCGGAACTAGTTGAAATTAAAGCTTTAGGGGGGGAAAT
CCCTCTACGTCCTCTTTCAAAAGTTGAATGGAGTAAGATTGAAAAGATTGAAGCCAAAGCATACGGTATTTTCGAGGC
TAATGAAACTGCTAAAAGGGGCAAACGCCAACTCCGTGACGGGATGATGGAAACCCGGGGTAAAATTAACCTTGAAAA
GCAAGCCAAAGCCGAGTTTGAAGGCAAATTAGAGGCCCTTTATCTCTCAATGAACAACACTCATCATGAATGTGATGA
GTGGACTAAAAGTGACATACAAAGCTTGAAGGTTGACGCTTTTGATGAGATTTTCGAGAAAGTACGTGACTTATCAGG
GGTGAATATTAAAGGGGATGAAGCAAAAGAGATAGAGAAATTTCCTGAAGACGGATGAGGGGCGTGAAATAATCTGGC
TTGACTATTGTGGTTACCACTTATGTGATAGGCAAGCGGATTTAACACCCCTCCAATCCTATTTCATTAGCAAAGGCC
GGTTAGACCTGTATAATGAAATGAATAAGGTCAAATAAACA"
      },
      annot {
        {
          data ftable {
            {
              data gene {
                locus "putative tape measure protein gene",
                desc "tape measure protein gene"
              },
              partial TRUE,
              location int {
                from 129,
                to 239,
                strand plus,
                id local str "Seq2",
                fuzz-to lim gt
              }
            },
            {
              data rna {
                type tmRNA
              },
              partial TRUE,
              comment "[intronless gene]",
              product whole local str "Seq2_prot_3",
              location int {
                from 129,
                to 239,
                strand plus,
                id local str "Seq2",
                fuzz-to lim gt
              }
            },
            {
              data rna {
                type tRNA,
                ext tRNA {
                  aa ncbieaa 82
                }
              },
              location int {
                from 259,
                to 479,
                strand plus,
                id local str "Seq2"
              }
            },
            {
              data rna {
                type tmRNA,
                ext gen {
                  product "some product"
                }
              },
              location int {
                from 254,
                to 449,
                strand plus,
                id local str "Seq2"
              }
            }
          }
        }
      }
    }
  }
}
