Seq-entry ::= set {
  class genbank,
  seq-set {
    set {
      class nuc-prot,
      descr {
        source {
          genome genomic,
          org {
            taxname "Danio rerio",
            common "zebrafish",
            db {
              {
                db "taxon",
                tag id 7955
              }
            },
            orgname {
              gcode 1,
              mgcode 2,
              div "VRT"
            }
          }
        }
      },
      seq-set {
        seq {
          id {
            local str "Seq2",
            general {
              db "BankIt",
              tag str "1657039/Seq2"
            },
            general {
              db "TMSMART",
              tag id 39787265
            },
            genbank {
              accession "KF591394"
            }
          },
          descr {
            molinfo {
              biomol genomic,
              completeness partial
            },
            user {
              type str "OriginalID",
              data {
                {
                  label str "LocalId",
                  data str "Seq2"
                }
              }
            }
          },
          inst {
            repr raw,
            mol dna,
            length 214,
            strand ds,
            seq-data iupacna "CCGGGGGGAGAATGATATATATGGAGAAGACGGATGAGGGGCAACACG
ATAATTGTCTATTTTGGAGTTGGAAGTAGCATGGCAGCGTTAATGGAAATCATAATAAGAGCGGTGGATAAGGCCAGC
GAAGTCTGACTGGTTCACAGTTTCAGCATGTCCCTCCTACTCCTCATATACGATCTTGGAGTGCAACTGATAACATGG
GTCATTAACA"
          },
          annot {
            {
              data ftable {
                {
                  data gene {
                    locus "Hypothetical protein gene",
                    desc "Hypothetical protein gene"
                  },
                  location int {
                    from 11,
                    to 36,
                    strand plus,
                    id local str "Seq2"
                  }
                },
                {
                  data gene {
                    locus "putative tape measure protein gene",
                    desc "tape measure protein gene"
                  },
                  partial TRUE,
                  location int {
                    from 78,
                    to 213,
                    strand plus,
                    id local str "Seq2",
                    fuzz-to lim gt
                  }
                }
              }
            }
          }
        },
        seq {
          id {
            local str "Seq2_prot_2",
            general {
              db "TMSMART",
              tag id 39787266
            }
          },
          descr {
            molinfo {
              biomol peptide
            },
            user {
              type str "OriginalID",
              data {
                {
                  label str "LocalId",
                  data str "Seq2_prot_2"
                }
              }
            },
            title "Hypothetical protein; another protein name [Danio rerio]"
          },
          inst {
            repr raw,
            mol aa,
            length 8,
            seq-data ncbieaa "MIYMEKTD"
          },
          annot {
            {
              data ftable {
                {
                  data prot {
                    name {
                      "Hypothetical protein",
                      "another protein name"
                    }
                  },
                  location int {
                    from 0,
                    to 7,
                    id local str "Seq2_prot_2"
                  }
                }
              }
            }
          }
        },
        seq {
          id {
            local str "Seq2_prot_3",
            general {
              db "TMSMART",
              tag id 39787267
            }
          },
          descr {
            title "sss",
            molinfo {
              biomol peptide,
              completeness no-right
            },
            user {
              type str "OriginalID",
              data {
                {
                  label str "LocalId",
                  data str "Seq2_prot_3"
                }
              }
            }
          },
          inst {
            repr raw,
            mol aa,
            length 45,
            seq-data ncbieaa "MAALMEIIIRAVDKASEV*LVHSFSMSLLLLIYDLGVQLITWVIN"
          },
          annot {
            {
              data ftable {
                {
                  data prot {
                    name {
                      "putative tape measure protein"
                    },
                    desc "tape measure protein"
                  },
                  partial TRUE,
                  location int {
                    from 0,
                    to 44,
                    id local str "Seq2_prot_3",
                    fuzz-to lim gt
                  }
                }
              }
            }
          }
        }
      },
      annot {
        {
          data ftable {
            {
              data cdregion {
                frame one,
                code {
                  id 1
                }
              },
              product whole local str "Seq2_prot_2",
              location int {
                from 11,
                to 36,
                strand plus,
                id genbank {
                  accession "KF591394"
                }
              }
            },
            {
              data cdregion {
                frame one,
                code {
                  id 1
                }
              },
              partial TRUE,
              comment "[intronless gene]",
              product whole local str "Seq2_prot_3",
              location int {
                from 78,
                to 213,
                strand plus,
                id genbank {
                  accession "KF591394"
                },
                fuzz-to lim gt
              }
            }
          }
        }
      }
    }
  }
}
