Seq-submit ::= {
  sub {
    contact {
      contact {
        name name {
          last "?"
        }
      }
    },
    cit {
      authors {
        names std {
          {
            name name {
              last "Lorch",
              first "Jeffrey",
              initials "J.M."
            }
          }
        },
        affil std {
          affil "U.S. Geological Survey",
          div "National Wildlife Health Center",
          city "Madison",
          sub "WI",
          country "USA",
          street "6006 Schroeder Road",
          postal-code "53711"
        }
      },
      medium email,
      date std {
        year 2016,
        month 6,
        day 30
      }
    },
    tool "Genome Workbench 3.1.1 Windows 10 (build 17134), 64-bit edition"
  },
  data entrys {
    set {
      class genbank,
      seq-set {
        seq {
          id {
            genbank {
              accession "KX290926"
            },
            gi 1044897359
          },
          descr {
            molinfo {
              biomol genomic
            },
            pub {
              pub {
                gen {
                  cit "Unpublished",
                  authors {
                    names std {
                      {
                        name name {
                          last "Lindner",
                          first "Daniel",
                          initials "D.L."
                        }
                      },
                      {
                        name name {
                          last "Ballmann",
                          first "Anne",
                          initials "A.E."
                        }
                      },
                      {
                        name name {
                          last "George",
                          first "Kyle",
                          initials "K.G."
                        }
                      },
                      {
                        name name {
                          last "Griffin",
                          first "Kathryn",
                          initials "K."
                        }
                      },
                      {
                        name name {
                          last "Knowles",
                          first "Susan",
                          initials "S.M."
                        }
                      },
                      {
                        name name {
                          last "Foster",
                          first "Jeffrey",
                          initials "J.T."
                        }
                      },
                      {
                        name name {
                          last "Blehert",
                          first "David",
                          initials "D.S."
                        }
                      }
                    }
                  },
                  journal {
                    name "Nature"
                  },
                  volume "1",
                  issue "4",
                  pages "e00148-16",
                  date std {
                    year 2017
                  },
                  title "First detection of bat white-nose syndrome in western
 North America"
                }
              }
            },
            pub {
              pub {
                sub {
                  authors {
                    names std {
                      {
                        name name {
                          last "Lindner",
                          first "Daniel",
                          initials "D.L."
                        }
                      },
                      {
                        name name {
                          last "Ballmann",
                          first "Anne",
                          initials "A.E."
                        }
                      },
                      {
                        name name {
                          last "George",
                          first "Kyle",
                          initials "K.G."
                        }
                      },
                      {
                        name name {
                          last "Griffin",
                          first "Kathryn",
                          initials "K."
                        }
                      },
                      {
                        name name {
                          last "Knowles",
                          first "Susan",
                          initials "S.M."
                        }
                      },
                      {
                        name name {
                          last "Foster",
                          first "Jeffrey",
                          initials "J.T."
                        }
                      },
                      {
                        name name {
                          last "Blehert",
                          first "David",
                          initials "D.S."
                        }
                      }
                    },
                    affil std {
                      affil "U.S. Geological Survey",
                      div "National Wildlife Health Center",
                      city "Madison",
                      sub "WI",
                      country "USA",
                      street "6006 Schroeder Road",
                      postal-code "53711"
                    }
                  },
                  medium email,
                  date std {
                    year 2017,
                    month 5,
                    day 26
                  },
                  descr "First detection of bat white-nose syndrome in western
 North America"
                }
              }
            }
          },
          inst {
            repr raw,
            mol dna,
            length 107,
            strand ds,
            seq-data iupacna "TACGAAAGGACAAGAGAGACAGGGCCCACTTAAAATAAGCGCCCTATC
ATAGGGGTTTAAATCCCCTTATTTCTAGAGTTACAGGAATTGAACCTGCTCCTAAGAAT"
          }
        },
        seq {
          id {
            genbank {
              accession "KX290927"
            },
            gi 1044897361
          },
          descr {
            molinfo {
              biomol genomic
            },
            source {
              genome mitochondrion,
              org {
                taxname "Myotis lucifugus",
                common "little brown bat",
                db {
                  {
                    db "taxon",
                    tag id 59463
                  }
                },
                orgname {
                  name binomial {
                    genus "Myotis",
                    species "lucifugus"
                  },
                  attrib "specified",
                  lineage "Eukaryota; Metazoa; Chordata; Craniata; Vertebrata;
 Euteleostomi; Mammalia; Eutheria; Laurasiatheria; Chiroptera;
 Microchiroptera; Vespertilionidae; Myotis",
                  gcode 1,
                  mgcode 2,
                  div "MAM"
                }
              }
            },
            pub {
              pub {
                gen {
                  cit "Unpublished",
                  authors {
                    names std {
                      {
                        name name {
                          last "Ballmann",
                          first "Anne",
                          initials "A.E."
                        }
                      },
                      {
                        name name {
                          last "George",
                          first "Kyle",
                          initials "K.G."
                        }
                      },
                      {
                        name name {
                          last "Griffin",
                          first "Kathryn",
                          initials "K."
                        }
                      },
                      {
                        name name {
                          last "Knowles",
                          first "Susan",
                          initials "S."
                        }
                      }
                    }
                  },
                  journal {
                    name "Nature"
                  },
                  volume "1",
                  issue "4",
                  pages "e00148-17",
                  date std {
                    year 2018
                  },
                  title "First detection of bat white-nose syndrome in western
 North America"
                }
              }
            },
            pub {
              pub {
                sub {
                  authors {
                    names std {
                      {
                        name name {
                          last "Ballmann",
                          first "Anne",
                          initials "A.E."
                        }
                      },
                      {
                        name name {
                          last "George",
                          first "Kyle",
                          initials "K.G."
                        }
                      },
                      {
                        name name {
                          last "Griffin",
                          first "Kathryn",
                          initials "K."
                        }
                      },
                      {
                        name name {
                          last "Knowles",
                          first "Susan",
                          initials "S."
                        }
                      }
                    },
                    affil std {
                      affil "U.S. Geological Survey",
                      div "National Wildlife Health Center",
                      street "6006 Schroeder Road"
                    }
                  },
                  medium email,
                  date std {
                    year 2018,
                    month 5,
                    day 27
                  },
                  descr "First detection of bat white-nose syndrome in western
 North America"
                }
              }
            }
          },
          inst {
            repr raw,
            mol dna,
            length 110,
            strand ds,
            seq-data iupacna "ATGACCAACATTCGCTTCTTATACAATTAGCATCAATTCTCTACTTTT
CTATTATCATTATCTTAATACCACTCACCAGCCTGATAGAAAACCATTTACTAAAATGAAGA"
          }
        },
        seq {
          id {
            genbank {
              accession "KX463942"
            },
            gi 1044897654
          },
          descr {
            molinfo {
              biomol genomic
            },
            create-date std {
              year 2016,
              month 7,
              day 20
            },
            source {
              genome mitochondrion,
              org {
                taxname "Myotis lucifugus",
                common "little brown bat",
                db {
                  {
                    db "taxon",
                    tag id 59463
                  }
                },
                orgname {
                  name binomial {
                    genus "Myotis",
                    species "lucifugus"
                  },
                  attrib "specified",
                  lineage "Eukaryota; Metazoa; Chordata; Craniata; Vertebrata;
 Euteleostomi; Mammalia; Eutheria; Laurasiatheria; Chiroptera;
 Microchiroptera; Vespertilionidae; Myotis",
                  gcode 1,
                  mgcode 2,
                  div "MAM"
                }
              }
            },
            pub {
              pub {
                gen {
                  cit "Unpublished",
                  authors {
                    names std {
                      {
                        name name {
                          last "George",
                          first "Kyle",
                          initials "K.G."
                        }
                      },
                      {
                        name name {
                          last "Griffin",
                          first "Kathryn",
                          initials "K."
                        }
                      },
                      {
                        name name {
                          last "Knowles",
                          first "Susan",
                          initials "S."
                        }
                      },
                      {
                        name name {
                          last "Huckabee",
                          first "John",
                          initials "J.R."
                        }
                      }
                    }
                  },
                  journal {
                    name "Nature"
                  },
                  volume "1",
                  issue "4",
                  pages "e00148-18",
                  date std {
                    year 2019
                  },
                  title "First detection of bat white-nose syndrome in western
 North America"
                }
              }
            },
            pub {
              pub {
                sub {
                  authors {
                    names std {
                      {
                        name name {
                          last "George",
                          first "Kyle",
                          initials "K.G."
                        }
                      },
                      {
                        name name {
                          last "Griffin",
                          first "Kathryn",
                          initials "K."
                        }
                      },
                      {
                        name name {
                          last "Knowles",
                          first "Susan",
                          initials "S."
                        }
                      },
                      {
                        name name {
                          last "Huckabee",
                          first "John",
                          initials "J.R."
                        }
                      }
                    },
                    affil std {
                      affil "U.S. Geological Survey",
                      div "National Wildlife Health Center",
                      city "Madison",
                      sub "WI",
                      country "USA",
                      street "6006 Schroeder Road",
                      postal-code "53711"
                    }
                  },
                  medium email,
                  date std {
                    year 2019,
                    month 6,
                    day 30
                  },
                  descr "First detection of bat white-nose syndrome in western
 North America"
                }
              }
            }
          },
          inst {
            repr raw,
            mol dna,
            length 39,
            strand ds,
            seq-data iupacna "TTTGGTGCCTGAGCTGGTATAGTGGGCACTGCATTGAGC"
          }
        }
      }
    }
  }
}
