Seq-entry ::= set {
  class genbank,
  seq-set {
    seq {
      id {
        local str "MK15-1Th"
      },
      descr {
        title "Geobacillus kaustophilus strain MK15-1Th 16S ribosomal RNA
 gene, partial sequence.",
        molinfo {
          biomol genomic
        },
        source {
          genome genomic,
          org {
            taxname "Geobacillus kaustophilus",
            orgname {
              name binomial {
                genus "Geobacillus",
                species "kaustophilus"
              }
            }
          }
        },
        user {
          type str "OriginalID",
          data {
            {
              label str "LocalId",
              data str "MK15-1Th"
            }
          }
        }
      },
      inst {
        repr raw,
        mol dna,
        length 1034,
        seq-data ncbi2na 'A938730E4B62685ADA27E778FEB49A686AE2C11BA905E564216A
3075A805A270C5A304582164EB7FAF80A697FA7B47E68EA566993C9CBEB8AC1A7450A618E6C969
788AB85A511EA1E211A54875C6A2924B2A0DF590EA6025E1A261966E2608297DAB6C09DEFB8A86
0A265BD822A699AE1AC5D18A09569C1C6E524966B0C6CAA989BED683CFA9B026664A6BD7C2DE3B
80951A7416E8AB4FA01EAA1F8B9288A22683D46EC9AE039B223BA28114BA60A69DDE979078678A
66026EA890128F2315EB2D465B018E2E70BBC8AAD115FCB9E49C198C247597AA8B1A590A780740
A0F86AA564426BA24EEBF0F6090660817C52B7E1355E1054223EA6F557DAAA12AE12BAE4EAE0'H
      },
      annot {
        {
          data ftable {
            {
              data cdregion {
                frame three,
                code {
                  id 1
                }
              },
              product whole local str "MK15-1Th_1",
              location int {
                from 1,
                to 165,
                strand plus,
                id local str "MK15-1Th"
              }
            }
          }
        }
      }
    },
    seq {
      id {
        local str "MK15-2Th"
      },
      descr {
        title "Geobacillus thermoleovorans strain MK15-2Th 16S ribosomal RNA
 gene, partial sequence.",
        source {
          genome genomic,
          org {
            taxname "Geobacillus thermoleovorans",
            db {
              {
                db "taxon",
                tag id 33941
              }
            },
            orgname {
              name binomial {
                genus "Geobacillus",
                species "thermoleovorans"
              }
            }
          }
        },
        molinfo {
          biomol genomic
        },
        user {
          class "SMART_V1.0",
          type id 1,
          data {
            {
              label id 1,
              num 1,
              data int 6843785
            }
          }
        },
        user {
          type str "Unverified",
          data {
            {
              label str "Type",
              data str "Organism"
            }
          }
        },
        create-date std {
          year 2012,
          month 4,
          day 3
        },
        user {
          type str "OriginalID",
          data {
            {
              label str "LocalId",
              data str "MK15-2Th"
            }
          }
        }
      },
      inst {
        repr raw,
        mol dna,
        length 1048,
        seq-data ncbi2na 'AA4299E730E4B626860D809F9FF8F6F269A1AB8B046EA41795EC
86A8C1162036B9C3168C1180ED9386FDBE021A6427B67128EA566993C9CBEB8AC1A7450A618E6C
961788AB8DA511EA1E211A54875C6A2924B2A0DF590E8602DE1A241966E2608297DAB6C09DEFBC
A82042C192C1E9BC5B86B170620251A7071B949259AC31B2BA426FB5A0F3EA6C0999929AF5F0B7
8EE025469D05BA2AD3E807AA87E2E4822889A0F51BB26B80E6C88EE8A0452E9829A777ADEC1E19
E299809BAA2404A3C8C57ACB5196C0638B9C2EF22ACD457F2E7B27064F091D65EA8B19D908B807
40A0F86AA564426BA24EEBF0F6090660817C52B7E1355E10562236A6F557DAAA12AE12BAE4EBED
B49E'H
      },
      annot {
        {
          data ftable {
            {
              data rna {
                type rRNA,
                ext name "16S ribosomal RNA"
              },
              partial TRUE,
              location int {
                from 0,
                to 1047,
                strand plus,
                id local str "MK15-2Th",
                fuzz-from lim lt,
                fuzz-to lim gt
              }
            }
          }
        }
      }
    },
    seq {
      id {
        local str "Anoxybacillus"
      },
      descr {
        title "Anoxybacillus flavithermus strain MK15-3Th 16S ribosomal RNA
 gene, partial sequence.",
        molinfo {
          biomol genomic
        },
        source {
          genome genomic,
          org {
            taxname "Anoxybacillus flavithermus",
            orgname {
              name binomial {
                genus "Anoxybacillus",
                species "flavithermus"
              },
              div "BCT"
            }
          }
        },
        user {
          class "SMART_V1.0",
          type id 1,
          data {
            {
              label id 1,
              num 1,
              data int 6843786
            }
          }
        },
        user {
          type str "Unverified",
          data {
            {
              label str "Type",
              data str "Organism"
            }
          }
        },
        create-date std {
          year 2012,
          month 4,
          day 3
        },
        user {
          type str "OriginalID",
          data {
            {
              label str "LocalId",
              data str "Anoxybacillus"
            }
          }
        }
      },
      inst {
        repr raw,
        mol dna,
        length 1062,
        seq-data ncbi2na 'BFEF9C30E42D89A140DA27E77AFEB49A686AE2C11BA905E56421
6A3075A805A270C5A304582164EB7FAF80A697FA7B47E68EA566993C9CBEB8AC1A7450A618E6C9
69788AB85A511EA1E211A54875C6A2924B2A0DF590EA6025E1A261966E2608297DAB6C09DEFB8A
860A265BD822A699AE1AC5D18A09569C1C6E524966B0C6CAA989BED683CFA9B026664A6BD7C2DE
3B80951A7416E8AB4FA01EAA1F8B9288A22683D46EC9AE039B223BA28114BA60A69DDE97907867
8A66026EA890128F2315EB2D465B018E2E70BBC8AAD115FCB9E49C198C247597AA2C696429E01D
0283E1AA959109AE893BAFC3D824198205F14ADF84D578415088FA5BD55F6AA84AB84AEB93AFB6
D276EDB88EF0'H
      },
      annot {
        {
          data ftable {
            {
              data cdregion {
                frame three,
                code {
                  id 1
                }
              },
              product whole local str "Anoxybacillus_1",
              location int {
                from 0,
                to 169,
                strand plus,
                id local str "Anoxybacillus"
              }
            }
          }
        }
      }
    }
  }
}
