Seq-entry ::= set {
  class genbank,
  seq-set {
    set {
      class nuc-prot,
      descr {
        source {
          genome genomic,
          org {
            taxname "Microbotryum violaceum",
            db {
              {
                db "taxon",
                tag id 5272
              }
            },
            orgname {
              name binomial {
                genus "Microbotryum",
                species "violaceum"
              },
              lineage "Eukaryota; Fungi; Dikarya; Pucciniomycotina;
 Microbotryomycetes; Microbotryales; Microbotryaceae; Microbotryum",
              gcode 1,
              mgcode 4,
              div "PLN"
            }
          }
        }
      },
      seq-set {
        seq {
          id {
            local str "Seq1",
            general {
              db "BankIt",
              tag str "1657039/Seq1"
            },
            general {
              db "TMSMART",
              tag id 39787263
            },
            genbank {
              accession "KF591393"
            }
          },
          descr {
            molinfo {
              biomol genomic
            }
          },
          inst {
            repr raw,
            mol dna,
            length 402,
            topology not-set,
            strand ds,
            seq-data iupacna "AAAAAACCGAACTTGAGGCCATTAACACGCACCCCTCCATTTTTCTTT
CCTTTTTTTGAATTTATTATAAAAATATGCAGTGATTTACCATGAATAGCCACGGCATTCTAGGATTAGCCCGCTGGA
GTGTACTGATCAATGAAGGGGCATGGAAACCCCGGAACTTTGACGTGTTAATCATTGAATTGCTCAATTATGCTCTGC
GAGGAAAAGTTAGTAAAATATTATTAGGAGTTCCTAGCAGGCATGGTAAAAGTACACTGATAAGCCGAAACTTTGCTT
CTTACTTCCTATCCCACTTCCCGGACGATAACATCATATTAAGGGGACACCATAGACCCCAACACATGGGTGGACTTA
AACCTCCCCGCTATCTGTGAAAACCCCGAAACTGACCTACTA"
          },
          annot {
            {
              data ftable {
                {
                  data gene {
                    locus "Putative terminase large subunit gene",
                    desc "terminase large subunit gene"
                  },
                  partial TRUE,
                  location int {
                    from 0,
                    to 401,
                    strand plus,
                    id genbank {
                      accession "KF591393"
                    },
                    fuzz-from lim lt
                  }
                }
              }
            }
          }
        },
        seq {
          id {
            local str "Seq1_prot_1",
            general {
              db "TMSMART",
              tag id 39787264
            }
          },
          descr {
            title "Putative terminase large subunit, partial [Methanobacterium
 formicicum phage]",
            molinfo {
              biomol peptide,
              completeness complete
            }
          },
          inst {
            repr raw,
            mol aa,
            length 104,
            topology not-set,
            seq-data ncbieaa "MNSHGILGLARWSVLINEGAWKPRNFDVLIIELLNYALRGKVSKILLG
VPSRHGKSTLISRNFASYFLSHFPDDNIILRGHHRPQHMGGLKPPRYL*KPRN*PT"
          },
          annot {
            {
              data ftable {
                {
                  data prot {
                    name {
                      "Putative terminase large subunit"
                    },
                    desc "terminase large subunit"
                  },
                  location int {
                    from 0,
                    to 103,
                    id local str "Seq1_prot_1"
                  }
                }
              }
            }
          }
        }
      },
      annot {
        {
          data ftable {
            {
              data cdregion {
                frame one,
                code {
                  id 1
                }
              },
              comment "[intronless gene]",
              product whole local str "Seq1_prot_1",
              location int {
                from 89,
                to 401,
                strand plus,
                id genbank {
                  accession "KF591393"
                }
              }
            }
          }
        }
      }
    },
    seq {
      id {
        local str "Seq2",
        general {
          db "BankIt",
          tag str "1657039/Seq2"
        },
        general {
          db "TMSMART",
          tag id 39787265
        },
        genbank {
          accession "KF591394"
        }
      },
      descr {
        molinfo {
          biomol genomic
        },
        source {
          genome genomic,
          org {
            taxname "bacterium",
            db {
              {
                db "taxon",
                tag id 1869227
              }
            },
            orgname {
              name partial {
                {
                  fixed-level other,
                  level "species",
                  name "bacterium"
                }
              },
              lineage "Bacteria",
              gcode 11,
              div "BCT"
            }
          }
        }
      },
      inst {
        repr raw,
        mol dna,
        length 583,
        topology not-set,
        strand ds,
        seq-data iupacna "CCGGGGGGTATTGACATGCTTATTGAGCCTGTTGATGCGTTCAGTGGAATTC
CCCTAAGTGGGGATTAAGTAGTTATAAATTAAAGTTTAGGGTTAAATAATAAAAAAAAGATGGGAGAATGATATATAT
GGTATTGAGAAAAGATGACATATTAAAGGGGATTAATGACCCGGAAGCTTGAAGGTTGACGCTTTTGATGAGATTTTC
GAGAAAGTACGTGACTTATCAGGGGTGAATATTAAAGGGGATGAAGCAAAAGAGATAGAGAAATTTCCTGAAGACGGA
TGAGGGGCGTGAAATAATCTGGCTTGACTATTGTGGTTATACATTCTTTTTCACGTTTACACTATCACGATAATTGTC
TATTTTGGAGTTGGAAGTAGCATGGCAGCGTTAATGGAAATCATAATAAGAGCGGTGGATAAGGCCAGCGAAGTCGCT
TCCTATCATTTTTACCACAGATCCCCGGTATGATTGCCTTTTATTTAGGCTTTGCAATTGGGCAATTCATCAGTTTCA
GCATGTCCCTCCTACTCCTCATATACGATCTTGGAGTGCAACTGATAACATGGGTCATTAACA"
      },
      annot {
        {
          data ftable {
            {
              data gene {
                locus "putative tape measure protein gene",
                desc "tape measure protein gene"
              },
              partial TRUE,
              location int {
                from 385,
                to 582,
                strand plus,
                id local str "Seq2",
                fuzz-to lim gt
              }
            },
            {
              data gene {
                locus "Hypothetical protein gene",
                desc "Hypothetical protein gene"
              },
              location int {
                from 119,
                to 288,
                strand plus,
                id local str "Seq2"
              }
            }
          }
        }
      }
    }
  }
}
