Seq-entry ::= set {
  class genbank,
  seq-set {
    seq {
      id {
        local str "Seq1",
        general {
          db "BankIt",
          tag str "1657039/Seq1"
        },
        general {
          db "TMSMART",
          tag id 39787263
        },
        genbank {
          accession "KF591393"
        }
      },
      descr {
        molinfo {
          biomol genomic,
          completeness partial
        },
        source {
          genome genomic,
          org {
            taxname "Bombus insularis",
            db {
              {
                db "taxon",
                tag id 207637
              }
            },
            orgname {
              lineage "cellular organisms; Eukaryota; Opisthokonta; Metazoa;
 Eumetazoa; Bilateria; Protostomia; Ecdysozoa; Panarthropoda; Arthropoda;
 Mandibulata; Pancrustacea; Hexapoda; Insecta; Dicondylia; Pterygota;
 Neoptera; Endopterygota; Hymenoptera; Apocrita; Aculeata; Apoidea; Apidae;
 Bombinae; Bombini; Bombus; Psithyrus",
              gcode 1,
              mgcode 5,
              div "INV"
            }
          }
        },
        update-date std {
          year 2013,
          month 8,
          day 27,
          hour 10,
          minute 59,
          second 58
        }
      },
      inst {
        repr raw,
        mol dna,
        length 141,
        strand ds,
        seq-data iupacna "AAAAAACCGAACTTGAGGCCATTGATATAGTTGAAAGTGATCAGAAATTTGA
AAGTACCGGGGAGGCTCTCCGTAAATTGATTGAACGTAAGATTAAAATTAATCATACCCTTCTGTGAAAACCCCGAAA
CTGACCTACTA"
      },
      annot {
        {
          data ftable {
            {
              data gene {
                locus "COXI"
              },
              comment "some comment",
              location int {
                from 0,
                to 140,
                strand plus,
                id genbank {
                  accession "KF591393"
                }
              }
            }
          }
        }
      }
    }
  }
}
